pages/(components)/editor/AssetsModal.tsx(22,29): error TS2345: Argument of type '"test"' is not assignable to parameter of type 'AssetCategory | (() => AssetCategory)'.
